// Bun Snapshot v1, https://goo.gl/fbAQLP

exports[`schema MODEL_TYPE_TO_SYNTAX_KIND_KEYWORD 1`] = `
{
  "blob": NodeObject {
    "emitNode": undefined,
    "end": -1,
    "expression": NodeObject {
      "emitNode": {
        "flags": 262144,
      },
      "end": -1,
      "expression": IdentifierObject {
        "emitNode": undefined,
        "end": -1,
        "escapedText": "RONIN",
        "flags": 16,
        "flowNode": undefined,
        "id": 0,
        "jsDoc": undefined,
        "kind": 80,
        "parent": undefined,
        "pos": -1,
        "symbol": undefined,
        "transformFlags": 0,
      },
      "flags": 16,
      "flowNode": undefined,
      "id": 0,
      "jsDoc": undefined,
      "kind": 211,
      "localSymbol": undefined,
      "modifierFlagsCache": 0,
      "name": IdentifierObject {
        "emitNode": undefined,
        "end": -1,
        "escapedText": "Blob",
        "flags": 16,
        "flowNode": undefined,
        "id": 0,
        "jsDoc": undefined,
        "kind": 80,
        "parent": undefined,
        "pos": -1,
        "symbol": undefined,
        "transformFlags": 0,
      },
      "original": undefined,
      "parent": undefined,
      "pos": -1,
      "questionDotToken": undefined,
      "symbol": undefined,
      "transformFlags": 0,
    },
    "flags": 16,
    "id": 0,
    "kind": 233,
    "modifierFlagsCache": 0,
    "original": undefined,
    "parent": undefined,
    "pos": -1,
    "transformFlags": 1024,
    "typeArguments": undefined,
  },
  "boolean": TokenObject {
    "emitNode": undefined,
    "end": -1,
    "flags": 16,
    "id": 0,
    "kind": 136,
    "parent": undefined,
    "pos": -1,
    "transformFlags": 1,
  },
  "date": NodeObject {
    "emitNode": undefined,
    "end": -1,
    "flags": 16,
    "id": 0,
    "kind": 183,
    "modifierFlagsCache": 0,
    "original": undefined,
    "parent": undefined,
    "pos": -1,
    "transformFlags": 1,
    "typeArguments": undefined,
    "typeName": IdentifierObject {
      "emitNode": undefined,
      "end": -1,
      "escapedText": "Date",
      "flags": 16,
      "flowNode": undefined,
      "id": 0,
      "jsDoc": undefined,
      "kind": 80,
      "parent": undefined,
      "pos": -1,
      "symbol": undefined,
      "transformFlags": 0,
    },
  },
  "json": TokenObject {
    "emitNode": undefined,
    "end": -1,
    "flags": 16,
    "id": 0,
    "kind": 151,
    "parent": undefined,
    "pos": -1,
    "transformFlags": 1,
  },
  "link": TokenObject {
    "emitNode": undefined,
    "end": -1,
    "flags": 16,
    "id": 0,
    "kind": 159,
    "parent": undefined,
    "pos": -1,
    "transformFlags": 1,
  },
  "number": TokenObject {
    "emitNode": undefined,
    "end": -1,
    "flags": 16,
    "id": 0,
    "kind": 150,
    "parent": undefined,
    "pos": -1,
    "transformFlags": 1,
  },
  "string": TokenObject {
    "emitNode": undefined,
    "end": -1,
    "flags": 16,
    "id": 0,
    "kind": 154,
    "parent": undefined,
    "pos": -1,
    "transformFlags": 1,
  },
}
`;
